// Jest Snapshot v1, https://goo.gl/fbAQLP

exports[`render 1`] = `
<div
  className="m-input-moment"
>
  <div
    className="options"
  >
    <button
      className="is-active"
      onClick={[Function]}
      type="button"
    >
      Date
    </button>
    <button
      className=""
      onClick={[Function]}
      type="button"
    >
      Time
    </button>
  </div>
  <div
    className="tabs"
  >
    <div
      className="m-calendar tab is-active"
    >
      <div
        className="toolbar"
      >
        <button
          className="prev-month"
          onClick={[Function]}
          type="button"
        >
          <span
            className="prev-icon"
          >
            &lt;
          </span>
        </button>
        <span
          className="current-date"
        >
          August 2018
        </span>
        <button
          className="next-month"
          onClick={[Function]}
          type="button"
        >
          <span
            className="next-icon"
          >
            &gt;
          </span>
        </button>
      </div>
      <table>
        <thead>
          <tr>
            <td>
              Sun
            </td>
            <td>
              Mon
            </td>
            <td>
              Tue
            </td>
            <td>
              Wed
            </td>
            <td>
              Thu
            </td>
            <td>
              Fri
            </td>
            <td>
              Sat
            </td>
          </tr>
        </thead>
        <tbody>
          <tr>
            <td
              className="prev-month"
              onClick={[Function]}
            >
              <span
                className="day"
              >
                29
              </span>
            </td>
            <td
              className="prev-month"
              onClick={[Function]}
            >
              <span
                className="day"
              >
                30
              </span>
            </td>
            <td
              className="prev-month"
              onClick={[Function]}
            >
              <span
                className="day"
              >
                31
              </span>
            </td>
            <td
              className=""
              onClick={[Function]}
            >
              <span
                className="day"
              >
                1
              </span>
            </td>
            <td
              className=""
              onClick={[Function]}
            >
              <span
                className="day"
              >
                2
              </span>
            </td>
            <td
              className=""
              onClick={[Function]}
            >
              <span
                className="day"
              >
                3
              </span>
            </td>
            <td
              className=""
              onClick={[Function]}
            >
              <span
                className="day"
              >
                4
              </span>
            </td>
          </tr>
          <tr>
            <td
              className=""
              onClick={[Function]}
            >
              <span
                className="day"
              >
                5
              </span>
            </td>
            <td
              className=""
              onClick={[Function]}
            >
              <span
                className="day"
              >
                6
              </span>
            </td>
            <td
              className=""
              onClick={[Function]}
            >
              <span
                className="day"
              >
                7
              </span>
            </td>
            <td
              className="selected-day"
              onClick={[Function]}
            >
              <span
                className="day"
              >
                8
              </span>
            </td>
            <td
              className=""
              onClick={[Function]}
            >
              <span
                className="day"
              >
                9
              </span>
            </td>
            <td
              className=""
              onClick={[Function]}
            >
              <span
                className="day"
              >
                10
              </span>
            </td>
            <td
              className=""
              onClick={[Function]}
            >
              <span
                className="day"
              >
                11
              </span>
            </td>
          </tr>
          <tr>
            <td
              className=""
              onClick={[Function]}
            >
              <span
                className="day"
              >
                12
              </span>
            </td>
            <td
              className="current-day"
              onClick={[Function]}
            >
              <span
                className="day"
              >
                13
              </span>
            </td>
            <td
              className=""
              onClick={[Function]}
            >
              <span
                className="day"
              >
                14
              </span>
            </td>
            <td
              className=""
              onClick={[Function]}
            >
              <span
                className="day"
              >
                15
              </span>
            </td>
            <td
              className=""
              onClick={[Function]}
            >
              <span
                className="day"
              >
                16
              </span>
            </td>
            <td
              className=""
              onClick={[Function]}
            >
              <span
                className="day"
              >
                17
              </span>
            </td>
            <td
              className=""
              onClick={[Function]}
            >
              <span
                className="day"
              >
                18
              </span>
            </td>
          </tr>
          <tr>
            <td
              className=""
              onClick={[Function]}
            >
              <span
                className="day"
              >
                19
              </span>
            </td>
            <td
              className=""
              onClick={[Function]}
            >
              <span
                className="day"
              >
                20
              </span>
            </td>
            <td
              className=""
              onClick={[Function]}
            >
              <span
                className="day"
              >
                21
              </span>
            </td>
            <td
              className=""
              onClick={[Function]}
            >
              <span
                className="day"
              >
                22
              </span>
            </td>
            <td
              className=""
              onClick={[Function]}
            >
              <span
                className="day"
              >
                23
              </span>
            </td>
            <td
              className=""
              onClick={[Function]}
            >
              <span
                className="day"
              >
                24
              </span>
            </td>
            <td
              className=""
              onClick={[Function]}
            >
              <span
                className="day"
              >
                25
              </span>
            </td>
          </tr>
          <tr>
            <td
              className=""
              onClick={[Function]}
            >
              <span
                className="day"
              >
                26
              </span>
            </td>
            <td
              className=""
              onClick={[Function]}
            >
              <span
                className="day"
              >
                27
              </span>
            </td>
            <td
              className=""
              onClick={[Function]}
            >
              <span
                className="day"
              >
                28
              </span>
            </td>
            <td
              className=""
              onClick={[Function]}
            >
              <span
                className="day"
              >
                29
              </span>
            </td>
            <td
              className=""
              onClick={[Function]}
            >
              <span
                className="day"
              >
                30
              </span>
            </td>
            <td
              className=""
              onClick={[Function]}
            >
              <span
                className="day"
              >
                31
              </span>
            </td>
            <td
              className="next-month"
              onClick={[Function]}
            >
              <span
                className="day"
              >
                1
              </span>
            </td>
          </tr>
          <tr>
            <td
              className="next-month"
              onClick={[Function]}
            >
              <span
                className="day"
              >
                2
              </span>
            </td>
            <td
              className="next-month"
              onClick={[Function]}
            >
              <span
                className="day"
              >
                3
              </span>
            </td>
            <td
              className="next-month"
              onClick={[Function]}
            >
              <span
                className="day"
              >
                4
              </span>
            </td>
            <td
              className="next-month"
              onClick={[Function]}
            >
              <span
                className="day"
              >
                5
              </span>
            </td>
            <td
              className="next-month"
              onClick={[Function]}
            >
              <span
                className="day"
              >
                6
              </span>
            </td>
            <td
              className="next-month"
              onClick={[Function]}
            >
              <span
                className="day"
              >
                7
              </span>
            </td>
            <td
              className="next-month"
              onClick={[Function]}
            >
              <span
                className="day"
              >
                8
              </span>
            </td>
          </tr>
        </tbody>
      </table>
    </div>
    <div
      className="m-time tab"
    >
      <div
        className="showtime"
      >
        <span
          className="time"
        >
          08
        </span>
        <span
          className="separater"
        >
          :
        </span>
        <span
          className="time"
        >
          08
        </span>
      </div>
    </div>
  </div>
</div>
`;
